{"context":"AuthService","level":"info","message":"User registered: new@example.com","service":"mrrm-backend","timestamp":"2026-03-30 16:08:52.981"}
{"context":"AuthService","level":"info","message":"User registered: new@example.com","service":"mrrm-backend","timestamp":"2026-03-30 16:09:36.986"}
{"context":"AuthService","level":"info","message":"User registered: new@example.com","service":"mrrm-backend","timestamp":"2026-03-30 16:09:57.301"}
{"context":"AuthService","level":"info","message":"User registered: new@example.com","service":"mrrm-backend","timestamp":"2026-03-30 16:13:17.024"}
{"context":"AuthService","level":"info","message":"User registered: new@example.com","service":"mrrm-backend","timestamp":"2026-03-30 16:13:57.531"}
{"context":"AuthService","level":"info","message":"User registered: new@example.com","service":"mrrm-backend","timestamp":"2026-03-30 16:18:11.244"}
{"context":"PermissionsService","level":"error","message":"Failed to seed permissions","service":"mrrm-backend","timestamp":"2026-03-30 16:26:56.266","trace":"TypeError: this.prisma.permission.createMany is not a function\n    at PermissionsService.seedDefaultPermissions (/Users/wangyinglong/Desktop/git源码/claudeskills/MRRM/backend/src/auth/permissions/permissions.service.ts:101:36)\n    at processTicksAndRejections (node:internal/process/task_queues:95:5)\n    at Object.<anonymous> (/Users/wangyinglong/Desktop/git源码/claudeskills/MRRM/backend/src/auth/permissions/permissions.service.spec.ts:88:7)"}
{"context":"PermissionsService","level":"info","message":"Permissions already seeded (1)","service":"mrrm-backend","timestamp":"2026-03-30 16:26:56.284"}
{"context":"RolesService","level":"info","message":"Role created: DOCTOR","service":"mrrm-backend","timestamp":"2026-03-30 16:26:56.281"}
{"context":"RolesService","level":"info","message":"Role updated: ADMIN","service":"mrrm-backend","timestamp":"2026-03-30 16:26:56.311"}
{"context":"PermissionsService","level":"error","message":"Failed to seed permissions","service":"mrrm-backend","timestamp":"2026-03-30 16:27:23.697","trace":"TypeError: this.prisma.permission.createMany is not a function\n    at PermissionsService.seedDefaultPermissions (/Users/wangyinglong/Desktop/git源码/claudeskills/MRRM/backend/src/auth/permissions/permissions.service.ts:101:36)\n    at processTicksAndRejections (node:internal/process/task_queues:95:5)\n    at Object.<anonymous> (/Users/wangyinglong/Desktop/git源码/claudeskills/MRRM/backend/src/auth/permissions/permissions.service.spec.ts:88:7)"}
{"context":"PermissionsService","level":"info","message":"Permissions already seeded (1)","service":"mrrm-backend","timestamp":"2026-03-30 16:27:23.719"}
{"context":"RolesService","level":"info","message":"Role created: DOCTOR","service":"mrrm-backend","timestamp":"2026-03-30 16:27:23.775"}
{"context":"RolesService","level":"info","message":"Role updated: ADMIN","service":"mrrm-backend","timestamp":"2026-03-30 16:27:23.805"}
{"context":"RolesService","level":"info","message":"Role deleted: undefined","service":"mrrm-backend","timestamp":"2026-03-30 16:27:23.809"}
{"context":"PermissionsService","level":"error","message":"Failed to seed permissions","service":"mrrm-backend","timestamp":"2026-03-30 16:51:23.161","trace":"TypeError: this.prisma.permission.createMany is not a function\n    at PermissionsService.seedDefaultPermissions (/Users/wangyinglong/Desktop/git源码/claudeskills/MRRM/backend/src/auth/permissions/permissions.service.ts:101:36)\n    at processTicksAndRejections (node:internal/process/task_queues:95:5)\n    at Object.<anonymous> (/Users/wangyinglong/Desktop/git源码/claudeskills/MRRM/backend/src/auth/permissions/permissions.service.spec.ts:88:7)"}
{"context":"PermissionsService","level":"info","message":"Permissions already seeded (1)","service":"mrrm-backend","timestamp":"2026-03-30 16:51:23.182"}
{"context":"RolesService","level":"info","message":"Role created: DOCTOR","service":"mrrm-backend","timestamp":"2026-03-30 16:51:23.145"}
{"context":"RolesService","level":"info","message":"Role updated: ADMIN","service":"mrrm-backend","timestamp":"2026-03-30 16:51:23.180"}
{"context":"RolesService","level":"info","message":"Role deleted: undefined","service":"mrrm-backend","timestamp":"2026-03-30 16:51:23.188"}
{"context":"PatientsService","level":"info","message":"Patient created: uuid-1 (Zhang Wei)","service":"mrrm-backend","timestamp":"2026-03-30 16:51:56.035"}
{"context":"PatientsService","level":"info","message":"Patient created: uuid-2 (Li Ming)","service":"mrrm-backend","timestamp":"2026-03-30 16:51:56.054"}
{"context":"PatientsService","level":"info","message":"Patient updated: uuid-1","service":"mrrm-backend","timestamp":"2026-03-30 16:51:56.067"}
{"context":"PatientsService","level":"info","message":"Patient soft-deleted: uuid-1","service":"mrrm-backend","timestamp":"2026-03-30 16:51:56.070"}
{"context":"PatientsService","level":"info","message":"Patient created: uuid-1 (Zhang Wei)","service":"mrrm-backend","timestamp":"2026-03-30 16:52:19.036"}
{"context":"PatientsService","level":"info","message":"Patient created: uuid-2 (Li Ming)","service":"mrrm-backend","timestamp":"2026-03-30 16:52:19.048"}
{"context":"PatientsService","level":"info","message":"Patient updated: uuid-1","service":"mrrm-backend","timestamp":"2026-03-30 16:52:19.060"}
{"context":"PatientsService","level":"info","message":"Patient soft-deleted: uuid-1","service":"mrrm-backend","timestamp":"2026-03-30 16:52:19.063"}
{"context":"PermissionsService","level":"error","message":"Failed to seed permissions","service":"mrrm-backend","timestamp":"2026-03-30 16:52:24.271","trace":"TypeError: this.prisma.permission.createMany is not a function\n    at PermissionsService.seedDefaultPermissions (/Users/wangyinglong/Desktop/git源码/claudeskills/MRRM/backend/src/auth/permissions/permissions.service.ts:101:36)\n    at processTicksAndRejections (node:internal/process/task_queues:95:5)\n    at Object.<anonymous> (/Users/wangyinglong/Desktop/git源码/claudeskills/MRRM/backend/src/auth/permissions/permissions.service.spec.ts:88:7)"}
{"context":"PermissionsService","level":"info","message":"Permissions already seeded (1)","service":"mrrm-backend","timestamp":"2026-03-30 16:52:24.294"}
{"context":"RolesService","level":"info","message":"Role created: DOCTOR","service":"mrrm-backend","timestamp":"2026-03-30 16:52:24.599"}
{"context":"RolesService","level":"info","message":"Role updated: ADMIN","service":"mrrm-backend","timestamp":"2026-03-30 16:52:24.636"}
{"context":"RolesService","level":"info","message":"Role deleted: TEST","service":"mrrm-backend","timestamp":"2026-03-30 16:52:24.644"}
{"context":"RolesService","level":"info","message":"Seeded role: SYSTEM_ADMIN","service":"mrrm-backend","timestamp":"2026-03-30 16:52:24.657"}
{"context":"RolesService","level":"info","message":"Seeded role: SYSTEM_ADMIN","service":"mrrm-backend","timestamp":"2026-03-30 16:52:24.658"}
{"context":"RolesService","level":"info","message":"Seeded role: SYSTEM_ADMIN","service":"mrrm-backend","timestamp":"2026-03-30 16:52:24.659"}
{"context":"RolesService","level":"info","message":"Seeded role: SYSTEM_ADMIN","service":"mrrm-backend","timestamp":"2026-03-30 16:52:24.659"}
{"context":"RolesService","level":"info","message":"Seeded role: SYSTEM_ADMIN","service":"mrrm-backend","timestamp":"2026-03-30 16:52:24.660"}
{"context":"PermissionsService","level":"error","message":"Failed to seed permissions","service":"mrrm-backend","timestamp":"2026-03-30 16:53:12.737","trace":"TypeError: this.prisma.permission.createMany is not a function\n    at PermissionsService.seedDefaultPermissions (/Users/wangyinglong/Desktop/git源码/claudeskills/MRRM/backend/src/auth/permissions/permissions.service.ts:101:36)\n    at processTicksAndRejections (node:internal/process/task_queues:95:5)\n    at Object.<anonymous> (/Users/wangyinglong/Desktop/git源码/claudeskills/MRRM/backend/src/auth/permissions/permissions.service.spec.ts:88:7)"}
{"context":"PermissionsService","level":"info","message":"Permissions already seeded (1)","service":"mrrm-backend","timestamp":"2026-03-30 16:53:12.754"}
{"context":"RolesService","level":"info","message":"Role created: DOCTOR","service":"mrrm-backend","timestamp":"2026-03-30 16:53:12.846"}
{"context":"RolesService","level":"info","message":"Role updated: undefined","service":"mrrm-backend","timestamp":"2026-03-30 16:53:12.875"}
{"context":"RolesService","level":"info","message":"Role deleted: TEST","service":"mrrm-backend","timestamp":"2026-03-30 16:53:12.879"}
{"context":"RolesService","level":"info","message":"Seeded role: SYSTEM_ADMIN","service":"mrrm-backend","timestamp":"2026-03-30 16:53:12.893"}
{"context":"RolesService","level":"info","message":"Seeded role: SYSTEM_ADMIN","service":"mrrm-backend","timestamp":"2026-03-30 16:53:12.894"}
{"context":"RolesService","level":"info","message":"Seeded role: SYSTEM_ADMIN","service":"mrrm-backend","timestamp":"2026-03-30 16:53:12.895"}
{"context":"RolesService","level":"info","message":"Seeded role: SYSTEM_ADMIN","service":"mrrm-backend","timestamp":"2026-03-30 16:53:12.896"}
{"context":"RolesService","level":"info","message":"Seeded role: SYSTEM_ADMIN","service":"mrrm-backend","timestamp":"2026-03-30 16:53:12.896"}
{"context":"PermissionsService","level":"error","message":"Failed to seed permissions","service":"mrrm-backend","timestamp":"2026-03-30 16:53:48.423","trace":"TypeError: this.prisma.permission.createMany is not a function\n    at PermissionsService.seedDefaultPermissions (/Users/wangyinglong/Desktop/git源码/claudeskills/MRRM/backend/src/auth/permissions/permissions.service.ts:101:36)\n    at processTicksAndRejections (node:internal/process/task_queues:95:5)\n    at Object.<anonymous> (/Users/wangyinglong/Desktop/git源码/claudeskills/MRRM/backend/src/auth/permissions/permissions.service.spec.ts:88:7)"}
{"context":"PermissionsService","level":"info","message":"Permissions already seeded (1)","service":"mrrm-backend","timestamp":"2026-03-30 16:53:48.442"}
{"context":"RolesService","level":"info","message":"Role created: DOCTOR","service":"mrrm-backend","timestamp":"2026-03-30 16:53:48.409"}
{"context":"RolesService","level":"info","message":"Role updated: undefined","service":"mrrm-backend","timestamp":"2026-03-30 16:53:48.429"}
{"context":"RolesService","level":"info","message":"Role deleted: TEST","service":"mrrm-backend","timestamp":"2026-03-30 16:53:48.434"}
{"context":"RolesService","level":"info","message":"Seeded role: SYSTEM_ADMIN","service":"mrrm-backend","timestamp":"2026-03-30 16:53:48.456"}
{"context":"RolesService","level":"info","message":"Seeded role: SYSTEM_ADMIN","service":"mrrm-backend","timestamp":"2026-03-30 16:53:48.457"}
{"context":"RolesService","level":"info","message":"Seeded role: SYSTEM_ADMIN","service":"mrrm-backend","timestamp":"2026-03-30 16:53:48.458"}
{"context":"RolesService","level":"info","message":"Seeded role: SYSTEM_ADMIN","service":"mrrm-backend","timestamp":"2026-03-30 16:53:48.458"}
{"context":"RolesService","level":"info","message":"Seeded role: SYSTEM_ADMIN","service":"mrrm-backend","timestamp":"2026-03-30 16:53:48.459"}
{"context":"PermissionsService","level":"error","message":"Failed to seed permissions","service":"mrrm-backend","timestamp":"2026-03-30 16:53:55.511","trace":"TypeError: this.prisma.permission.createMany is not a function\n    at PermissionsService.seedDefaultPermissions (/Users/wangyinglong/Desktop/git源码/claudeskills/MRRM/backend/src/auth/permissions/permissions.service.ts:101:36)\n    at processTicksAndRejections (node:internal/process/task_queues:95:5)\n    at Object.<anonymous> (/Users/wangyinglong/Desktop/git源码/claudeskills/MRRM/backend/src/auth/permissions/permissions.service.spec.ts:88:7)"}
{"context":"PermissionsService","level":"info","message":"Permissions already seeded (1)","service":"mrrm-backend","timestamp":"2026-03-30 16:53:55.528"}
{"context":"RolesService","level":"info","message":"Role created: DOCTOR","service":"mrrm-backend","timestamp":"2026-03-30 16:53:55.503"}
{"context":"RolesService","level":"info","message":"Role updated: undefined","service":"mrrm-backend","timestamp":"2026-03-30 16:53:55.521"}
{"context":"RolesService","level":"info","message":"Role deleted: TEST","service":"mrrm-backend","timestamp":"2026-03-30 16:53:55.525"}
{"context":"RolesService","level":"info","message":"Seeded role: SYSTEM_ADMIN","service":"mrrm-backend","timestamp":"2026-03-30 16:53:55.543"}
{"context":"RolesService","level":"info","message":"Seeded role: SYSTEM_ADMIN","service":"mrrm-backend","timestamp":"2026-03-30 16:53:55.544"}
{"context":"RolesService","level":"info","message":"Seeded role: SYSTEM_ADMIN","service":"mrrm-backend","timestamp":"2026-03-30 16:53:55.544"}
{"context":"RolesService","level":"info","message":"Seeded role: SYSTEM_ADMIN","service":"mrrm-backend","timestamp":"2026-03-30 16:53:55.545"}
{"context":"RolesService","level":"info","message":"Seeded role: SYSTEM_ADMIN","service":"mrrm-backend","timestamp":"2026-03-30 16:53:55.546"}
{"context":"RolesService","level":"info","message":"Role created: DOCTOR","service":"mrrm-backend","timestamp":"2026-03-30 16:54:31.185"}
{"context":"RolesService","level":"info","message":"Role updated: undefined","service":"mrrm-backend","timestamp":"2026-03-30 16:54:31.213"}
{"context":"RolesService","level":"info","message":"Role deleted: TEST","service":"mrrm-backend","timestamp":"2026-03-30 16:54:31.226"}
{"context":"RolesService","level":"info","message":"Seeded role: SYSTEM_ADMIN","service":"mrrm-backend","timestamp":"2026-03-30 16:54:31.246"}
{"context":"RolesService","level":"info","message":"Seeded role: SYSTEM_ADMIN","service":"mrrm-backend","timestamp":"2026-03-30 16:54:31.247"}
{"context":"RolesService","level":"info","message":"Seeded role: SYSTEM_ADMIN","service":"mrrm-backend","timestamp":"2026-03-30 16:54:31.247"}
{"context":"RolesService","level":"info","message":"Seeded role: SYSTEM_ADMIN","service":"mrrm-backend","timestamp":"2026-03-30 16:54:31.248"}
{"context":"RolesService","level":"info","message":"Seeded role: SYSTEM_ADMIN","service":"mrrm-backend","timestamp":"2026-03-30 16:54:31.249"}
{"context":"PermissionsService","level":"info","message":"Seeded 38 default permissions","service":"mrrm-backend","timestamp":"2026-03-30 16:54:31.237"}
{"context":"PermissionsService","level":"info","message":"Permissions already seeded (1)","service":"mrrm-backend","timestamp":"2026-03-30 16:54:31.254"}
{"context":"PatientsService","level":"info","message":"Patient created: uuid-1 (Zhang Wei)","service":"mrrm-backend","timestamp":"2026-03-30 16:58:07.239"}
{"context":"PatientsService","level":"info","message":"Patient created: uuid-2 (Li Ming)","service":"mrrm-backend","timestamp":"2026-03-30 16:58:07.248"}
{"context":"PatientsService","level":"info","message":"Patient updated: uuid-1","service":"mrrm-backend","timestamp":"2026-03-30 16:58:07.259"}
{"context":"PatientsService","level":"info","message":"Patient soft-deleted: uuid-1","service":"mrrm-backend","timestamp":"2026-03-30 16:58:07.261"}
{"context":"PermissionsService","level":"info","message":"Seeded 38 default permissions","service":"mrrm-backend","timestamp":"2026-03-30 17:00:37.469"}
{"context":"RolesService","level":"info","message":"Role created: DOCTOR","service":"mrrm-backend","timestamp":"2026-03-30 17:00:37.464"}
{"context":"PermissionsService","level":"info","message":"Permissions already seeded (1)","service":"mrrm-backend","timestamp":"2026-03-30 17:00:37.488"}
{"context":"RolesService","level":"info","message":"Role updated: undefined","service":"mrrm-backend","timestamp":"2026-03-30 17:00:37.486"}
{"context":"RolesService","level":"info","message":"Role deleted: TEST","service":"mrrm-backend","timestamp":"2026-03-30 17:00:37.491"}
{"context":"RolesService","level":"info","message":"Seeded role: SYSTEM_ADMIN","service":"mrrm-backend","timestamp":"2026-03-30 17:00:37.512"}
{"context":"RolesService","level":"info","message":"Seeded role: SYSTEM_ADMIN","service":"mrrm-backend","timestamp":"2026-03-30 17:00:37.513"}
{"context":"RolesService","level":"info","message":"Seeded role: SYSTEM_ADMIN","service":"mrrm-backend","timestamp":"2026-03-30 17:00:37.514"}
{"context":"RolesService","level":"info","message":"Seeded role: SYSTEM_ADMIN","service":"mrrm-backend","timestamp":"2026-03-30 17:00:37.514"}
{"context":"RolesService","level":"info","message":"Seeded role: SYSTEM_ADMIN","service":"mrrm-backend","timestamp":"2026-03-30 17:00:37.515"}
{"context":"PatientsService","level":"info","message":"Patient created: uuid-2 (Li Ming)","service":"mrrm-backend","timestamp":"2026-03-30 17:00:37.546"}
{"context":"PatientsService","level":"info","message":"Patient created: uuid-1 (Zhang Wei)","service":"mrrm-backend","timestamp":"2026-03-30 17:00:37.522"}
{"context":"PatientsService","level":"info","message":"Patient updated: uuid-1","service":"mrrm-backend","timestamp":"2026-03-30 17:00:37.561"}
{"context":"PatientsService","level":"info","message":"Patient soft-deleted: uuid-1","service":"mrrm-backend","timestamp":"2026-03-30 17:00:37.565"}
{"context":"AuthService","level":"info","message":"User registered: new@example.com","service":"mrrm-backend","timestamp":"2026-03-30 17:00:38.453"}
{"context":"PermissionsService","level":"info","message":"Seeded 38 default permissions","service":"mrrm-backend","timestamp":"2026-03-30 17:03:16.048"}
{"context":"PermissionsService","level":"info","message":"Permissions already seeded (1)","service":"mrrm-backend","timestamp":"2026-03-30 17:03:16.067"}
{"context":"RolesService","level":"info","message":"Role created: DOCTOR","service":"mrrm-backend","timestamp":"2026-03-30 17:03:16.045"}
{"context":"RolesService","level":"info","message":"Role updated: undefined","service":"mrrm-backend","timestamp":"2026-03-30 17:03:16.068"}
{"context":"RolesService","level":"info","message":"Role deleted: TEST","service":"mrrm-backend","timestamp":"2026-03-30 17:03:16.072"}
{"context":"RolesService","level":"info","message":"Seeded role: SYSTEM_ADMIN","service":"mrrm-backend","timestamp":"2026-03-30 17:03:16.092"}
{"context":"RolesService","level":"info","message":"Seeded role: SYSTEM_ADMIN","service":"mrrm-backend","timestamp":"2026-03-30 17:03:16.094"}
{"context":"RolesService","level":"info","message":"Seeded role: SYSTEM_ADMIN","service":"mrrm-backend","timestamp":"2026-03-30 17:03:16.094"}
{"context":"RolesService","level":"info","message":"Seeded role: SYSTEM_ADMIN","service":"mrrm-backend","timestamp":"2026-03-30 17:03:16.095"}
{"context":"RolesService","level":"info","message":"Seeded role: SYSTEM_ADMIN","service":"mrrm-backend","timestamp":"2026-03-30 17:03:16.096"}
{"context":"AuthService","level":"info","message":"User registered: new@example.com","service":"mrrm-backend","timestamp":"2026-03-30 17:03:16.103"}
{"context":"PatientsService","level":"info","message":"Patient created: uuid-1 (Zhang Wei)","service":"mrrm-backend","timestamp":"2026-03-30 17:03:16.102"}
{"context":"PatientsService","level":"info","message":"Patient created: uuid-2 (Li Ming)","service":"mrrm-backend","timestamp":"2026-03-30 17:03:16.126"}
{"context":"PatientsService","level":"info","message":"Patient updated: uuid-1","service":"mrrm-backend","timestamp":"2026-03-30 17:03:16.140"}
{"context":"PatientsService","level":"info","message":"Patient soft-deleted: uuid-1","service":"mrrm-backend","timestamp":"2026-03-30 17:03:16.144"}
{"context":"TenantMiddleware","level":"info","message":"Initializing tenant middleware","service":"mrrm-backend","timestamp":"2026-04-04 11:28:18.574"}
{"context":"TenantMiddleware","level":"info","message":"Initializing tenant middleware","service":"mrrm-backend","timestamp":"2026-04-04 11:28:18.605"}
{"context":"TenantMiddleware","level":"info","message":"Initializing tenant middleware","service":"mrrm-backend","timestamp":"2026-04-04 11:28:18.609"}
{"context":"TenantMiddleware","level":"info","message":"Initializing tenant middleware","service":"mrrm-backend","timestamp":"2026-04-04 11:28:18.615"}
{"context":"TenantMiddleware","level":"info","message":"Initializing tenant middleware","service":"mrrm-backend","timestamp":"2026-04-04 11:28:18.621"}
{"context":"TenantMiddleware","level":"info","message":"Initializing tenant middleware","service":"mrrm-backend","timestamp":"2026-04-04 11:28:18.625"}
{"context":"TenantMiddleware","level":"info","message":"Initializing tenant middleware","service":"mrrm-backend","timestamp":"2026-04-04 11:28:18.628"}
{"context":"TenantMiddleware","level":"info","message":"Initializing tenant middleware","service":"mrrm-backend","timestamp":"2026-04-04 11:28:18.645"}
{"context":"TenantMiddleware","level":"info","message":"Tenant middleware registered","service":"mrrm-backend","timestamp":"2026-04-04 11:28:18.598"}
{"context":"TenantMiddleware","level":"info","message":"Tenant middleware registered","service":"mrrm-backend","timestamp":"2026-04-04 11:28:18.606"}
{"context":"TenantMiddleware","level":"info","message":"Tenant middleware registered","service":"mrrm-backend","timestamp":"2026-04-04 11:28:18.611"}
{"context":"TenantMiddleware","level":"debug","message":"Tenant filter applied: model=User, action=findMany, orgId=org-1","service":"mrrm-backend","timestamp":"2026-04-04 11:28:18.612"}
{"context":"TenantMiddleware","level":"info","message":"Tenant middleware registered","service":"mrrm-backend","timestamp":"2026-04-04 11:28:18.625"}
{"context":"TenantMiddleware","level":"info","message":"Tenant middleware registered","service":"mrrm-backend","timestamp":"2026-04-04 11:28:18.622"}
{"context":"TenantMiddleware","level":"info","message":"Tenant middleware registered","service":"mrrm-backend","timestamp":"2026-04-04 11:28:18.646"}
{"context":"TenantMiddleware","level":"debug","message":"Tenant filter applied: model=User, action=findMany, orgId=org-1","service":"mrrm-backend","timestamp":"2026-04-04 11:28:18.647"}
{"context":"TenantMiddleware","level":"info","message":"Tenant middleware registered","service":"mrrm-backend","timestamp":"2026-04-04 11:28:18.616"}
{"context":"TenantMiddleware","level":"debug","message":"Tenant filter applied: model=Patient, action=findMany, orgId=org-1","service":"mrrm-backend","timestamp":"2026-04-04 11:28:18.617"}
{"context":"TenantMiddleware","level":"info","message":"Tenant middleware registered","service":"mrrm-backend","timestamp":"2026-04-04 11:28:18.629"}
{"context":"TenantMiddleware","level":"debug","message":"Tenant filter applied: model=User, action=findMany, orgId=org-1","service":"mrrm-backend","timestamp":"2026-04-04 11:28:18.629"}
{"context":"PermissionsService","level":"info","message":"Seeded 38 default permissions","service":"mrrm-backend","timestamp":"2026-04-04 11:28:18.858"}
{"context":"PermissionsService","level":"info","message":"Permissions already seeded (1)","service":"mrrm-backend","timestamp":"2026-04-04 11:28:18.876"}
{"context":"RolesService","level":"info","message":"Role created: DOCTOR","service":"mrrm-backend","timestamp":"2026-04-04 11:28:18.916"}
{"context":"RolesService","level":"info","message":"Role updated: undefined","service":"mrrm-backend","timestamp":"2026-04-04 11:28:18.935"}
{"context":"RolesService","level":"info","message":"Role deleted: TEST","service":"mrrm-backend","timestamp":"2026-04-04 11:28:18.939"}
{"context":"RolesService","level":"info","message":"Seeded role: SYSTEM_ADMIN","service":"mrrm-backend","timestamp":"2026-04-04 11:28:18.963"}
{"context":"RolesService","level":"info","message":"Seeded role: SYSTEM_ADMIN","service":"mrrm-backend","timestamp":"2026-04-04 11:28:18.965"}
{"context":"RolesService","level":"info","message":"Seeded role: SYSTEM_ADMIN","service":"mrrm-backend","timestamp":"2026-04-04 11:28:18.965"}
{"context":"RolesService","level":"info","message":"Seeded role: SYSTEM_ADMIN","service":"mrrm-backend","timestamp":"2026-04-04 11:28:18.966"}
{"context":"RolesService","level":"info","message":"Seeded role: SYSTEM_ADMIN","service":"mrrm-backend","timestamp":"2026-04-04 11:28:18.967"}
{"context":"PatientsService","level":"info","message":"Patient created: uuid-1 (Zhang Wei)","service":"mrrm-backend","timestamp":"2026-04-04 11:28:19.135"}
{"context":"PatientsService","level":"info","message":"Patient created: uuid-2 (Li Ming)","service":"mrrm-backend","timestamp":"2026-04-04 11:28:19.156"}
{"context":"PatientsService","level":"info","message":"Patient updated: uuid-1","service":"mrrm-backend","timestamp":"2026-04-04 11:28:19.173"}
{"context":"PatientsService","level":"info","message":"Patient soft-deleted: uuid-1","service":"mrrm-backend","timestamp":"2026-04-04 11:28:19.177"}
{"context":"TenantMiddleware","level":"info","message":"Initializing tenant middleware","service":"mrrm-backend","timestamp":"2026-04-04 11:29:42.092"}
{"context":"TenantMiddleware","level":"info","message":"Initializing tenant middleware","service":"mrrm-backend","timestamp":"2026-04-04 11:29:42.119"}
{"context":"TenantMiddleware","level":"info","message":"Initializing tenant middleware","service":"mrrm-backend","timestamp":"2026-04-04 11:29:42.123"}
{"context":"TenantMiddleware","level":"info","message":"Initializing tenant middleware","service":"mrrm-backend","timestamp":"2026-04-04 11:29:42.129"}
{"context":"TenantMiddleware","level":"info","message":"Initializing tenant middleware","service":"mrrm-backend","timestamp":"2026-04-04 11:29:42.134"}
{"context":"TenantMiddleware","level":"info","message":"Initializing tenant middleware","service":"mrrm-backend","timestamp":"2026-04-04 11:29:42.138"}
{"context":"TenantMiddleware","level":"info","message":"Initializing tenant middleware","service":"mrrm-backend","timestamp":"2026-04-04 11:29:42.143"}
{"context":"TenantMiddleware","level":"info","message":"Initializing tenant middleware","service":"mrrm-backend","timestamp":"2026-04-04 11:29:42.151"}
{"context":"TenantMiddleware","level":"info","message":"Tenant middleware registered","service":"mrrm-backend","timestamp":"2026-04-04 11:29:42.113"}
{"context":"TenantMiddleware","level":"info","message":"Tenant middleware registered","service":"mrrm-backend","timestamp":"2026-04-04 11:29:42.120"}
{"context":"TenantMiddleware","level":"info","message":"Tenant middleware registered","service":"mrrm-backend","timestamp":"2026-04-04 11:29:42.124"}
{"context":"TenantMiddleware","level":"debug","message":"Tenant filter applied: model=User, action=findMany, orgId=org-1","service":"mrrm-backend","timestamp":"2026-04-04 11:29:42.126"}
{"context":"TenantMiddleware","level":"info","message":"Tenant middleware registered","service":"mrrm-backend","timestamp":"2026-04-04 11:29:42.130"}
{"context":"TenantMiddleware","level":"debug","message":"Tenant filter applied: model=Patient, action=findMany, orgId=org-1","service":"mrrm-backend","timestamp":"2026-04-04 11:29:42.132"}
{"context":"TenantMiddleware","level":"info","message":"Tenant middleware registered","service":"mrrm-backend","timestamp":"2026-04-04 11:29:42.135"}
{"context":"TenantMiddleware","level":"info","message":"Tenant middleware registered","service":"mrrm-backend","timestamp":"2026-04-04 11:29:42.139"}
{"context":"TenantMiddleware","level":"info","message":"Tenant middleware registered","service":"mrrm-backend","timestamp":"2026-04-04 11:29:42.148"}
{"context":"TenantMiddleware","level":"debug","message":"Tenant filter applied: model=User, action=findMany, orgId=org-1","service":"mrrm-backend","timestamp":"2026-04-04 11:29:42.149"}
{"context":"TenantMiddleware","level":"info","message":"Tenant middleware registered","service":"mrrm-backend","timestamp":"2026-04-04 11:29:42.153"}
{"context":"TenantMiddleware","level":"debug","message":"Tenant filter applied: model=User, action=findMany, orgId=org-1","service":"mrrm-backend","timestamp":"2026-04-04 11:29:42.153"}
{"context":"PermissionsService","level":"info","message":"Seeded 38 default permissions","service":"mrrm-backend","timestamp":"2026-04-04 11:29:42.230"}
{"context":"PermissionsService","level":"info","message":"Permissions already seeded (1)","service":"mrrm-backend","timestamp":"2026-04-04 11:29:42.254"}
{"context":"RolesService","level":"info","message":"Role created: DOCTOR","service":"mrrm-backend","timestamp":"2026-04-04 11:29:42.227"}
{"context":"RolesService","level":"info","message":"Role updated: undefined","service":"mrrm-backend","timestamp":"2026-04-04 11:29:42.256"}
{"context":"RolesService","level":"info","message":"Role deleted: TEST","service":"mrrm-backend","timestamp":"2026-04-04 11:29:42.262"}
{"context":"RolesService","level":"info","message":"Seeded role: SYSTEM_ADMIN","service":"mrrm-backend","timestamp":"2026-04-04 11:29:42.289"}
{"context":"RolesService","level":"info","message":"Seeded role: SYSTEM_ADMIN","service":"mrrm-backend","timestamp":"2026-04-04 11:29:42.290"}
{"context":"RolesService","level":"info","message":"Seeded role: SYSTEM_ADMIN","service":"mrrm-backend","timestamp":"2026-04-04 11:29:42.291"}
{"context":"RolesService","level":"info","message":"Seeded role: SYSTEM_ADMIN","service":"mrrm-backend","timestamp":"2026-04-04 11:29:42.292"}
{"context":"RolesService","level":"info","message":"Seeded role: SYSTEM_ADMIN","service":"mrrm-backend","timestamp":"2026-04-04 11:29:42.293"}
{"context":"PatientsService","level":"info","message":"Patient created: uuid-1 (Zhang Wei)","service":"mrrm-backend","timestamp":"2026-04-04 11:29:42.303"}
{"context":"PatientsService","level":"info","message":"Patient created: uuid-2 (Li Ming)","service":"mrrm-backend","timestamp":"2026-04-04 11:29:42.333"}
{"context":"PatientsService","level":"info","message":"Patient updated: uuid-1","service":"mrrm-backend","timestamp":"2026-04-04 11:29:42.349"}
{"context":"PatientsService","level":"info","message":"Patient soft-deleted: uuid-1","service":"mrrm-backend","timestamp":"2026-04-04 11:29:42.353"}
{"context":"AuditService","level":"error","message":"Failed to write audit log","service":"mrrm-backend","timestamp":"2026-04-04 11:29:42.525","trace":"Error: DB error\n    at Object.<anonymous> (/Users/wangyinglong/Desktop/git源码/claudeskills/MRRM/backend/src/audit/audit.service.spec.ts:128:67)\n    at Promise.then.completed (/Users/wangyinglong/Desktop/git源码/claudeskills/MRRM/backend/node_modules/jest-circus/build/utils.js:298:28)\n    at new Promise (<anonymous>)\n    at callAsyncCircusFn (/Users/wangyinglong/Desktop/git源码/claudeskills/MRRM/backend/node_modules/jest-circus/build/utils.js:231:10)\n    at _callCircusTest (/Users/wangyinglong/Desktop/git源码/claudeskills/MRRM/backend/node_modules/jest-circus/build/run.js:316:40)\n    at processTicksAndRejections (node:internal/process/task_queues:95:5)\n    at _runTest (/Users/wangyinglong/Desktop/git源码/claudeskills/MRRM/backend/node_modules/jest-circus/build/run.js:252:3)\n    at _runTestsForDescribeBlock (/Users/wangyinglong/Desktop/git源码/claudeskills/MRRM/backend/node_modules/jest-circus/build/run.js:126:9)\n    at _runTestsForDescribeBlock (/Users/wangyinglong/Desktop/git源码/claudeskills/MRRM/backend/node_modules/jest-circus/build/run.js:121:9)\n    at _runTestsForDescribeBlock (/Users/wangyinglong/Desktop/git源码/claudeskills/MRRM/backend/node_modules/jest-circus/build/run.js:121:9)\n    at run (/Users/wangyinglong/Desktop/git源码/claudeskills/MRRM/backend/node_modules/jest-circus/build/run.js:71:3)\n    at runAndTransformResultsToJestFormat (/Users/wangyinglong/Desktop/git源码/claudeskills/MRRM/backend/node_modules/jest-circus/build/legacy-code-todo-rewrite/jestAdapterInit.js:122:21)\n    at jestAdapter (/Users/wangyinglong/Desktop/git源码/claudeskills/MRRM/backend/node_modules/jest-circus/build/legacy-code-todo-rewrite/jestAdapter.js:79:19)\n    at runTestInternal (/Users/wangyinglong/Desktop/git源码/claudeskills/MRRM/backend/node_modules/jest-runner/build/runTest.js:367:16)\n    at runTest (/Users/wangyinglong/Desktop/git源码/claudeskills/MRRM/backend/node_modules/jest-runner/build/runTest.js:444:34)\n    at Object.worker (/Users/wangyinglong/Desktop/git源码/claudeskills/MRRM/backend/node_modules/jest-runner/build/testWorker.js:106:12)"}
{"context":"TenantMiddleware","level":"info","message":"Initializing tenant middleware","service":"mrrm-backend","timestamp":"2026-04-06 10:57:54.627"}
{"context":"TenantMiddleware","level":"info","message":"Initializing tenant middleware","service":"mrrm-backend","timestamp":"2026-04-06 10:57:54.663"}
{"context":"TenantMiddleware","level":"info","message":"Initializing tenant middleware","service":"mrrm-backend","timestamp":"2026-04-06 10:57:54.669"}
{"context":"TenantMiddleware","level":"info","message":"Initializing tenant middleware","service":"mrrm-backend","timestamp":"2026-04-06 10:57:54.677"}
{"context":"TenantMiddleware","level":"info","message":"Initializing tenant middleware","service":"mrrm-backend","timestamp":"2026-04-06 10:57:54.682"}
{"context":"TenantMiddleware","level":"info","message":"Initializing tenant middleware","service":"mrrm-backend","timestamp":"2026-04-06 10:57:54.688"}
{"context":"TenantMiddleware","level":"info","message":"Initializing tenant middleware","service":"mrrm-backend","timestamp":"2026-04-06 10:57:54.692"}
{"context":"TenantMiddleware","level":"info","message":"Initializing tenant middleware","service":"mrrm-backend","timestamp":"2026-04-06 10:57:54.702"}
{"context":"TenantMiddleware","level":"info","message":"Tenant middleware registered","service":"mrrm-backend","timestamp":"2026-04-06 10:57:54.656"}
{"context":"TenantMiddleware","level":"info","message":"Tenant middleware registered","service":"mrrm-backend","timestamp":"2026-04-06 10:57:54.665"}
{"context":"TenantMiddleware","level":"info","message":"Tenant middleware registered","service":"mrrm-backend","timestamp":"2026-04-06 10:57:54.671"}
{"context":"TenantMiddleware","level":"debug","message":"Tenant filter applied: model=User, action=findMany, orgId=org-1","service":"mrrm-backend","timestamp":"2026-04-06 10:57:54.673"}
{"context":"TenantMiddleware","level":"info","message":"Tenant middleware registered","service":"mrrm-backend","timestamp":"2026-04-06 10:57:54.678"}
{"context":"TenantMiddleware","level":"debug","message":"Tenant filter applied: model=Patient, action=findMany, orgId=org-1","service":"mrrm-backend","timestamp":"2026-04-06 10:57:54.679"}
{"context":"TenantMiddleware","level":"info","message":"Tenant middleware registered","service":"mrrm-backend","timestamp":"2026-04-06 10:57:54.684"}
{"context":"TenantMiddleware","level":"info","message":"Tenant middleware registered","service":"mrrm-backend","timestamp":"2026-04-06 10:57:54.690"}
{"context":"TenantMiddleware","level":"info","message":"Tenant middleware registered","service":"mrrm-backend","timestamp":"2026-04-06 10:57:54.698"}
{"context":"TenantMiddleware","level":"debug","message":"Tenant filter applied: model=User, action=findMany, orgId=org-1","service":"mrrm-backend","timestamp":"2026-04-06 10:57:54.699"}
{"context":"TenantMiddleware","level":"info","message":"Tenant middleware registered","service":"mrrm-backend","timestamp":"2026-04-06 10:57:54.703"}
{"context":"TenantMiddleware","level":"debug","message":"Tenant filter applied: model=User, action=findMany, orgId=org-1","service":"mrrm-backend","timestamp":"2026-04-06 10:57:54.704"}
{"context":"PermissionsService","level":"info","message":"Seeded 38 default permissions","service":"mrrm-backend","timestamp":"2026-04-06 10:57:54.759"}
{"context":"PermissionsService","level":"info","message":"Permissions already seeded (1)","service":"mrrm-backend","timestamp":"2026-04-06 10:57:54.786"}
{"context":"AuditService","level":"error","message":"Failed to write audit log","service":"mrrm-backend","timestamp":"2026-04-06 10:57:54.799","trace":"Error: DB error\n    at Object.<anonymous> (/Users/wangyinglong/Desktop/git源码/claudeskills/MRRM/backend/src/audit/audit.service.spec.ts:128:67)\n    at Promise.then.completed (/Users/wangyinglong/Desktop/git源码/claudeskills/MRRM/backend/node_modules/jest-circus/build/utils.js:298:28)\n    at new Promise (<anonymous>)\n    at callAsyncCircusFn (/Users/wangyinglong/Desktop/git源码/claudeskills/MRRM/backend/node_modules/jest-circus/build/utils.js:231:10)\n    at _callCircusTest (/Users/wangyinglong/Desktop/git源码/claudeskills/MRRM/backend/node_modules/jest-circus/build/run.js:316:40)\n    at processTicksAndRejections (node:internal/process/task_queues:95:5)\n    at _runTest (/Users/wangyinglong/Desktop/git源码/claudeskills/MRRM/backend/node_modules/jest-circus/build/run.js:252:3)\n    at _runTestsForDescribeBlock (/Users/wangyinglong/Desktop/git源码/claudeskills/MRRM/backend/node_modules/jest-circus/build/run.js:126:9)\n    at _runTestsForDescribeBlock (/Users/wangyinglong/Desktop/git源码/claudeskills/MRRM/backend/node_modules/jest-circus/build/run.js:121:9)\n    at _runTestsForDescribeBlock (/Users/wangyinglong/Desktop/git源码/claudeskills/MRRM/backend/node_modules/jest-circus/build/run.js:121:9)\n    at run (/Users/wangyinglong/Desktop/git源码/claudeskills/MRRM/backend/node_modules/jest-circus/build/run.js:71:3)\n    at runAndTransformResultsToJestFormat (/Users/wangyinglong/Desktop/git源码/claudeskills/MRRM/backend/node_modules/jest-circus/build/legacy-code-todo-rewrite/jestAdapterInit.js:122:21)\n    at jestAdapter (/Users/wangyinglong/Desktop/git源码/claudeskills/MRRM/backend/node_modules/jest-circus/build/legacy-code-todo-rewrite/jestAdapter.js:79:19)\n    at runTestInternal (/Users/wangyinglong/Desktop/git源码/claudeskills/MRRM/backend/node_modules/jest-runner/build/runTest.js:367:16)\n    at runTest (/Users/wangyinglong/Desktop/git源码/claudeskills/MRRM/backend/node_modules/jest-runner/build/runTest.js:444:34)\n    at Object.worker (/Users/wangyinglong/Desktop/git源码/claudeskills/MRRM/backend/node_modules/jest-runner/build/testWorker.js:106:12)"}
{"context":"RolesService","level":"info","message":"Role created: DOCTOR","service":"mrrm-backend","timestamp":"2026-04-06 10:57:54.751"}
{"context":"RolesService","level":"info","message":"Role updated: undefined","service":"mrrm-backend","timestamp":"2026-04-06 10:57:54.786"}
{"context":"RolesService","level":"info","message":"Role deleted: TEST","service":"mrrm-backend","timestamp":"2026-04-06 10:57:54.791"}
{"context":"RolesService","level":"info","message":"Seeded role: SYSTEM_ADMIN","service":"mrrm-backend","timestamp":"2026-04-06 10:57:54.821"}
{"context":"RolesService","level":"info","message":"Seeded role: SYSTEM_ADMIN","service":"mrrm-backend","timestamp":"2026-04-06 10:57:54.823"}
{"context":"RolesService","level":"info","message":"Seeded role: SYSTEM_ADMIN","service":"mrrm-backend","timestamp":"2026-04-06 10:57:54.824"}
{"context":"RolesService","level":"info","message":"Seeded role: SYSTEM_ADMIN","service":"mrrm-backend","timestamp":"2026-04-06 10:57:54.825"}
{"context":"RolesService","level":"info","message":"Seeded role: SYSTEM_ADMIN","service":"mrrm-backend","timestamp":"2026-04-06 10:57:54.826"}
{"context":"PatientsService","level":"info","message":"Patient created: uuid-1 (Zhang Wei)","service":"mrrm-backend","timestamp":"2026-04-06 10:57:54.848"}
{"context":"PatientsService","level":"info","message":"Patient created: uuid-2 (Li Ming)","service":"mrrm-backend","timestamp":"2026-04-06 10:57:54.878"}
{"context":"PatientsService","level":"info","message":"Patient updated: uuid-1","service":"mrrm-backend","timestamp":"2026-04-06 10:57:54.897"}
{"context":"PatientsService","level":"info","message":"Patient soft-deleted: uuid-1","service":"mrrm-backend","timestamp":"2026-04-06 10:57:54.901"}
{"context":"TenantMiddleware","level":"info","message":"Initializing tenant middleware","service":"mrrm-backend","timestamp":"2026-04-06 10:58:14.899"}
{"context":"TenantMiddleware","level":"info","message":"Initializing tenant middleware","service":"mrrm-backend","timestamp":"2026-04-06 10:58:14.927"}
{"context":"TenantMiddleware","level":"info","message":"Initializing tenant middleware","service":"mrrm-backend","timestamp":"2026-04-06 10:58:14.933"}
{"context":"TenantMiddleware","level":"info","message":"Initializing tenant middleware","service":"mrrm-backend","timestamp":"2026-04-06 10:58:14.942"}
{"context":"TenantMiddleware","level":"info","message":"Initializing tenant middleware","service":"mrrm-backend","timestamp":"2026-04-06 10:58:14.949"}
{"context":"TenantMiddleware","level":"info","message":"Initializing tenant middleware","service":"mrrm-backend","timestamp":"2026-04-06 10:58:14.955"}
{"context":"TenantMiddleware","level":"info","message":"Initializing tenant middleware","service":"mrrm-backend","timestamp":"2026-04-06 10:58:14.960"}
{"context":"TenantMiddleware","level":"info","message":"Initializing tenant middleware","service":"mrrm-backend","timestamp":"2026-04-06 10:58:14.974"}
{"context":"TenantMiddleware","level":"info","message":"Tenant middleware registered","service":"mrrm-backend","timestamp":"2026-04-06 10:58:14.922"}
{"context":"TenantMiddleware","level":"info","message":"Tenant middleware registered","service":"mrrm-backend","timestamp":"2026-04-06 10:58:14.929"}
{"context":"TenantMiddleware","level":"info","message":"Tenant middleware registered","service":"mrrm-backend","timestamp":"2026-04-06 10:58:14.934"}
{"context":"TenantMiddleware","level":"debug","message":"Tenant filter applied: model=User, action=findMany, orgId=org-1","service":"mrrm-backend","timestamp":"2026-04-06 10:58:14.937"}
{"context":"TenantMiddleware","level":"info","message":"Tenant middleware registered","service":"mrrm-backend","timestamp":"2026-04-06 10:58:14.943"}
{"context":"TenantMiddleware","level":"debug","message":"Tenant filter applied: model=Patient, action=findMany, orgId=org-1","service":"mrrm-backend","timestamp":"2026-04-06 10:58:14.945"}
{"context":"TenantMiddleware","level":"info","message":"Tenant middleware registered","service":"mrrm-backend","timestamp":"2026-04-06 10:58:14.950"}
{"context":"TenantMiddleware","level":"info","message":"Tenant middleware registered","service":"mrrm-backend","timestamp":"2026-04-06 10:58:14.956"}
{"context":"TenantMiddleware","level":"info","message":"Tenant middleware registered","service":"mrrm-backend","timestamp":"2026-04-06 10:58:14.968"}
{"context":"TenantMiddleware","level":"debug","message":"Tenant filter applied: model=User, action=findMany, orgId=org-1","service":"mrrm-backend","timestamp":"2026-04-06 10:58:14.970"}
{"context":"TenantMiddleware","level":"info","message":"Tenant middleware registered","service":"mrrm-backend","timestamp":"2026-04-06 10:58:14.975"}
{"context":"TenantMiddleware","level":"debug","message":"Tenant filter applied: model=User, action=findMany, orgId=org-1","service":"mrrm-backend","timestamp":"2026-04-06 10:58:14.977"}
{"context":"PermissionsService","level":"info","message":"Seeded 38 default permissions","service":"mrrm-backend","timestamp":"2026-04-06 10:58:15.228"}
{"context":"PermissionsService","level":"info","message":"Permissions already seeded (1)","service":"mrrm-backend","timestamp":"2026-04-06 10:58:15.263"}
{"context":"AuditService","level":"error","message":"Failed to write audit log","service":"mrrm-backend","timestamp":"2026-04-06 10:58:15.291","trace":"Error: DB error\n    at Object.<anonymous> (/Users/wangyinglong/Desktop/git源码/claudeskills/MRRM/backend/src/audit/audit.service.spec.ts:128:67)\n    at Promise.then.completed (/Users/wangyinglong/Desktop/git源码/claudeskills/MRRM/backend/node_modules/jest-circus/build/utils.js:298:28)\n    at new Promise (<anonymous>)\n    at callAsyncCircusFn (/Users/wangyinglong/Desktop/git源码/claudeskills/MRRM/backend/node_modules/jest-circus/build/utils.js:231:10)\n    at _callCircusTest (/Users/wangyinglong/Desktop/git源码/claudeskills/MRRM/backend/node_modules/jest-circus/build/run.js:316:40)\n    at processTicksAndRejections (node:internal/process/task_queues:95:5)\n    at _runTest (/Users/wangyinglong/Desktop/git源码/claudeskills/MRRM/backend/node_modules/jest-circus/build/run.js:252:3)\n    at _runTestsForDescribeBlock (/Users/wangyinglong/Desktop/git源码/claudeskills/MRRM/backend/node_modules/jest-circus/build/run.js:126:9)\n    at _runTestsForDescribeBlock (/Users/wangyinglong/Desktop/git源码/claudeskills/MRRM/backend/node_modules/jest-circus/build/run.js:121:9)\n    at _runTestsForDescribeBlock (/Users/wangyinglong/Desktop/git源码/claudeskills/MRRM/backend/node_modules/jest-circus/build/run.js:121:9)\n    at run (/Users/wangyinglong/Desktop/git源码/claudeskills/MRRM/backend/node_modules/jest-circus/build/run.js:71:3)\n    at runAndTransformResultsToJestFormat (/Users/wangyinglong/Desktop/git源码/claudeskills/MRRM/backend/node_modules/jest-circus/build/legacy-code-todo-rewrite/jestAdapterInit.js:122:21)\n    at jestAdapter (/Users/wangyinglong/Desktop/git源码/claudeskills/MRRM/backend/node_modules/jest-circus/build/legacy-code-todo-rewrite/jestAdapter.js:79:19)\n    at runTestInternal (/Users/wangyinglong/Desktop/git源码/claudeskills/MRRM/backend/node_modules/jest-runner/build/runTest.js:367:16)\n    at runTest (/Users/wangyinglong/Desktop/git源码/claudeskills/MRRM/backend/node_modules/jest-runner/build/runTest.js:444:34)\n    at Object.worker (/Users/wangyinglong/Desktop/git源码/claudeskills/MRRM/backend/node_modules/jest-runner/build/testWorker.js:106:12)"}
{"context":"RolesService","level":"info","message":"Role created: DOCTOR","service":"mrrm-backend","timestamp":"2026-04-06 10:58:15.233"}
{"context":"RolesService","level":"info","message":"Role updated: undefined","service":"mrrm-backend","timestamp":"2026-04-06 10:58:15.270"}
{"context":"RolesService","level":"info","message":"Role deleted: TEST","service":"mrrm-backend","timestamp":"2026-04-06 10:58:15.277"}
{"context":"RolesService","level":"info","message":"Seeded role: SYSTEM_ADMIN","service":"mrrm-backend","timestamp":"2026-04-06 10:58:15.312"}
{"context":"RolesService","level":"info","message":"Seeded role: SYSTEM_ADMIN","service":"mrrm-backend","timestamp":"2026-04-06 10:58:15.314"}
{"context":"RolesService","level":"info","message":"Seeded role: SYSTEM_ADMIN","service":"mrrm-backend","timestamp":"2026-04-06 10:58:15.315"}
{"context":"RolesService","level":"info","message":"Seeded role: SYSTEM_ADMIN","service":"mrrm-backend","timestamp":"2026-04-06 10:58:15.317"}
{"context":"RolesService","level":"info","message":"Seeded role: SYSTEM_ADMIN","service":"mrrm-backend","timestamp":"2026-04-06 10:58:15.318"}
{"context":"PatientsService","level":"info","message":"Patient created: uuid-1 (Zhang Wei)","service":"mrrm-backend","timestamp":"2026-04-06 10:58:15.286"}
{"context":"PatientsService","level":"info","message":"Patient created: uuid-2 (Li Ming)","service":"mrrm-backend","timestamp":"2026-04-06 10:58:15.324"}
{"context":"PatientsService","level":"info","message":"Patient updated: uuid-1","service":"mrrm-backend","timestamp":"2026-04-06 10:58:15.346"}
{"context":"PatientsService","level":"info","message":"Patient soft-deleted: uuid-1","service":"mrrm-backend","timestamp":"2026-04-06 10:58:15.355"}
{"context":"TenantMiddleware","level":"info","message":"Initializing tenant middleware","service":"mrrm-backend","timestamp":"2026-04-08 17:53:37.511"}
{"context":"TenantMiddleware","level":"info","message":"Initializing tenant middleware","service":"mrrm-backend","timestamp":"2026-04-08 17:53:37.560"}
{"context":"TenantMiddleware","level":"info","message":"Initializing tenant middleware","service":"mrrm-backend","timestamp":"2026-04-08 17:53:37.565"}
{"context":"TenantMiddleware","level":"info","message":"Initializing tenant middleware","service":"mrrm-backend","timestamp":"2026-04-08 17:53:37.553"}
{"context":"TenantMiddleware","level":"info","message":"Initializing tenant middleware","service":"mrrm-backend","timestamp":"2026-04-08 17:53:37.539"}
{"context":"TenantMiddleware","level":"info","message":"Initializing tenant middleware","service":"mrrm-backend","timestamp":"2026-04-08 17:53:37.545"}
{"context":"TenantMiddleware","level":"info","message":"Initializing tenant middleware","service":"mrrm-backend","timestamp":"2026-04-08 17:53:37.570"}
{"context":"TenantMiddleware","level":"info","message":"Initializing tenant middleware","service":"mrrm-backend","timestamp":"2026-04-08 17:53:37.578"}
{"context":"TenantMiddleware","level":"info","message":"Tenant middleware registered","service":"mrrm-backend","timestamp":"2026-04-08 17:53:37.533"}
{"context":"TenantMiddleware","level":"info","message":"Tenant middleware registered","service":"mrrm-backend","timestamp":"2026-04-08 17:53:37.562"}
{"context":"TenantMiddleware","level":"info","message":"Tenant middleware registered","service":"mrrm-backend","timestamp":"2026-04-08 17:53:37.566"}
{"context":"TenantMiddleware","level":"info","message":"Tenant middleware registered","service":"mrrm-backend","timestamp":"2026-04-08 17:53:37.555"}
{"context":"TenantMiddleware","level":"debug","message":"Tenant filter applied: model=Patient, action=findMany, orgId=org-1","service":"mrrm-backend","timestamp":"2026-04-08 17:53:37.556"}
{"context":"TenantMiddleware","level":"info","message":"Tenant middleware registered","service":"mrrm-backend","timestamp":"2026-04-08 17:53:37.547"}
{"context":"TenantMiddleware","level":"debug","message":"Tenant filter applied: model=User, action=findMany, orgId=org-1","service":"mrrm-backend","timestamp":"2026-04-08 17:53:37.548"}
{"context":"TenantMiddleware","level":"info","message":"Tenant middleware registered","service":"mrrm-backend","timestamp":"2026-04-08 17:53:37.572"}
{"context":"TenantMiddleware","level":"debug","message":"Tenant filter applied: model=User, action=findMany, orgId=org-1","service":"mrrm-backend","timestamp":"2026-04-08 17:53:37.573"}
{"context":"TenantMiddleware","level":"info","message":"Tenant middleware registered","service":"mrrm-backend","timestamp":"2026-04-08 17:53:37.542"}
{"context":"TenantMiddleware","level":"info","message":"Tenant middleware registered","service":"mrrm-backend","timestamp":"2026-04-08 17:53:37.579"}
{"context":"TenantMiddleware","level":"debug","message":"Tenant filter applied: model=User, action=findMany, orgId=org-1","service":"mrrm-backend","timestamp":"2026-04-08 17:53:37.581"}
{"context":"PermissionsService","level":"info","message":"Seeded 38 default permissions","service":"mrrm-backend","timestamp":"2026-04-08 17:53:37.722"}
{"context":"PermissionsService","level":"info","message":"Permissions already seeded (1)","service":"mrrm-backend","timestamp":"2026-04-08 17:53:37.748"}
{"context":"AuditService","level":"error","message":"Failed to write audit log","service":"mrrm-backend","timestamp":"2026-04-08 17:53:37.729","trace":"Error: DB error\n    at Object.<anonymous> (/Users/wangyinglong/Desktop/git源码/claudeskills/MRRM/backend/src/audit/audit.service.spec.ts:102:58)\n    at Promise.then.completed (/Users/wangyinglong/Desktop/git源码/claudeskills/MRRM/backend/node_modules/jest-circus/build/utils.js:298:28)\n    at new Promise (<anonymous>)\n    at callAsyncCircusFn (/Users/wangyinglong/Desktop/git源码/claudeskills/MRRM/backend/node_modules/jest-circus/build/utils.js:231:10)\n    at _callCircusTest (/Users/wangyinglong/Desktop/git源码/claudeskills/MRRM/backend/node_modules/jest-circus/build/run.js:316:40)\n    at processTicksAndRejections (node:internal/process/task_queues:95:5)\n    at _runTest (/Users/wangyinglong/Desktop/git源码/claudeskills/MRRM/backend/node_modules/jest-circus/build/run.js:252:3)\n    at _runTestsForDescribeBlock (/Users/wangyinglong/Desktop/git源码/claudeskills/MRRM/backend/node_modules/jest-circus/build/run.js:126:9)\n    at _runTestsForDescribeBlock (/Users/wangyinglong/Desktop/git源码/claudeskills/MRRM/backend/node_modules/jest-circus/build/run.js:121:9)\n    at _runTestsForDescribeBlock (/Users/wangyinglong/Desktop/git源码/claudeskills/MRRM/backend/node_modules/jest-circus/build/run.js:121:9)\n    at run (/Users/wangyinglong/Desktop/git源码/claudeskills/MRRM/backend/node_modules/jest-circus/build/run.js:71:3)\n    at runAndTransformResultsToJestFormat (/Users/wangyinglong/Desktop/git源码/claudeskills/MRRM/backend/node_modules/jest-circus/build/legacy-code-todo-rewrite/jestAdapterInit.js:122:21)\n    at jestAdapter (/Users/wangyinglong/Desktop/git源码/claudeskills/MRRM/backend/node_modules/jest-circus/build/legacy-code-todo-rewrite/jestAdapter.js:79:19)\n    at runTestInternal (/Users/wangyinglong/Desktop/git源码/claudeskills/MRRM/backend/node_modules/jest-runner/build/runTest.js:367:16)\n    at runTest (/Users/wangyinglong/Desktop/git源码/claudeskills/MRRM/backend/node_modules/jest-runner/build/runTest.js:444:34)\n    at Object.worker (/Users/wangyinglong/Desktop/git源码/claudeskills/MRRM/backend/node_modules/jest-runner/build/testWorker.js:106:12)"}
{"context":"RolesService","level":"info","message":"Role created: DOCTOR","service":"mrrm-backend","timestamp":"2026-04-08 17:53:37.818"}
{"context":"RolesService","level":"info","message":"Role updated: undefined","service":"mrrm-backend","timestamp":"2026-04-08 17:53:37.845"}
{"context":"RolesService","level":"info","message":"Role deleted: TEST","service":"mrrm-backend","timestamp":"2026-04-08 17:53:37.849"}
{"context":"RolesService","level":"info","message":"Seeded role: SYSTEM_ADMIN","service":"mrrm-backend","timestamp":"2026-04-08 17:53:37.870"}
{"context":"RolesService","level":"info","message":"Seeded role: SYSTEM_ADMIN","service":"mrrm-backend","timestamp":"2026-04-08 17:53:37.871"}
{"context":"RolesService","level":"info","message":"Seeded role: SYSTEM_ADMIN","service":"mrrm-backend","timestamp":"2026-04-08 17:53:37.872"}
{"context":"RolesService","level":"info","message":"Seeded role: SYSTEM_ADMIN","service":"mrrm-backend","timestamp":"2026-04-08 17:53:37.872"}
{"context":"RolesService","level":"info","message":"Seeded role: SYSTEM_ADMIN","service":"mrrm-backend","timestamp":"2026-04-08 17:53:37.873"}
{"context":"PatientsService","level":"info","message":"Patient created: uuid-1 (Zhang Wei)","service":"mrrm-backend","timestamp":"2026-04-08 17:53:38.131"}
{"context":"PatientsService","level":"info","message":"Patient created: uuid-2 (Li Ming)","service":"mrrm-backend","timestamp":"2026-04-08 17:53:38.152"}
{"context":"PatientsService","level":"info","message":"Patient updated: uuid-1","service":"mrrm-backend","timestamp":"2026-04-08 17:53:38.165"}
{"context":"PatientsService","level":"info","message":"Patient soft-deleted: uuid-1","service":"mrrm-backend","timestamp":"2026-04-08 17:53:38.168"}
{"context":"TenantMiddleware","level":"info","message":"Initializing tenant middleware","service":"mrrm-backend","timestamp":"2026-04-08 17:53:58.263"}
{"context":"TenantMiddleware","level":"info","message":"Initializing tenant middleware","service":"mrrm-backend","timestamp":"2026-04-08 17:53:58.289"}
{"context":"TenantMiddleware","level":"info","message":"Initializing tenant middleware","service":"mrrm-backend","timestamp":"2026-04-08 17:53:58.292"}
{"context":"TenantMiddleware","level":"info","message":"Initializing tenant middleware","service":"mrrm-backend","timestamp":"2026-04-08 17:53:58.299"}
{"context":"TenantMiddleware","level":"info","message":"Initializing tenant middleware","service":"mrrm-backend","timestamp":"2026-04-08 17:53:58.305"}
{"context":"TenantMiddleware","level":"info","message":"Initializing tenant middleware","service":"mrrm-backend","timestamp":"2026-04-08 17:53:58.308"}
{"context":"TenantMiddleware","level":"info","message":"Initializing tenant middleware","service":"mrrm-backend","timestamp":"2026-04-08 17:53:58.316"}
{"context":"TenantMiddleware","level":"info","message":"Initializing tenant middleware","service":"mrrm-backend","timestamp":"2026-04-08 17:53:58.320"}
{"context":"TenantMiddleware","level":"info","message":"Tenant middleware registered","service":"mrrm-backend","timestamp":"2026-04-08 17:53:58.284"}
{"context":"TenantMiddleware","level":"info","message":"Tenant middleware registered","service":"mrrm-backend","timestamp":"2026-04-08 17:53:58.290"}
{"context":"TenantMiddleware","level":"info","message":"Tenant middleware registered","service":"mrrm-backend","timestamp":"2026-04-08 17:53:58.294"}
{"context":"TenantMiddleware","level":"debug","message":"Tenant filter applied: model=User, action=findMany, orgId=org-1","service":"mrrm-backend","timestamp":"2026-04-08 17:53:58.295"}
{"context":"TenantMiddleware","level":"info","message":"Tenant middleware registered","service":"mrrm-backend","timestamp":"2026-04-08 17:53:58.301"}
{"context":"TenantMiddleware","level":"debug","message":"Tenant filter applied: model=Patient, action=findMany, orgId=org-1","service":"mrrm-backend","timestamp":"2026-04-08 17:53:58.302"}
{"context":"TenantMiddleware","level":"info","message":"Tenant middleware registered","service":"mrrm-backend","timestamp":"2026-04-08 17:53:58.306"}
{"context":"TenantMiddleware","level":"info","message":"Tenant middleware registered","service":"mrrm-backend","timestamp":"2026-04-08 17:53:58.309"}
{"context":"TenantMiddleware","level":"info","message":"Tenant middleware registered","service":"mrrm-backend","timestamp":"2026-04-08 17:53:58.317"}
{"context":"TenantMiddleware","level":"debug","message":"Tenant filter applied: model=User, action=findMany, orgId=org-1","service":"mrrm-backend","timestamp":"2026-04-08 17:53:58.318"}
{"context":"TenantMiddleware","level":"info","message":"Tenant middleware registered","service":"mrrm-backend","timestamp":"2026-04-08 17:53:58.321"}
{"context":"TenantMiddleware","level":"debug","message":"Tenant filter applied: model=User, action=findMany, orgId=org-1","service":"mrrm-backend","timestamp":"2026-04-08 17:53:58.322"}
{"context":"PermissionsService","level":"info","message":"Seeded 38 default permissions","service":"mrrm-backend","timestamp":"2026-04-08 17:53:58.533"}
{"context":"PermissionsService","level":"info","message":"Permissions already seeded (1)","service":"mrrm-backend","timestamp":"2026-04-08 17:53:58.560"}
{"context":"AuditService","level":"error","message":"Failed to write audit log","service":"mrrm-backend","timestamp":"2026-04-08 17:53:58.557","trace":"Error: DB error\n    at Object.<anonymous> (/Users/wangyinglong/Desktop/git源码/claudeskills/MRRM/backend/src/audit/audit.service.spec.ts:102:58)\n    at Promise.then.completed (/Users/wangyinglong/Desktop/git源码/claudeskills/MRRM/backend/node_modules/jest-circus/build/utils.js:298:28)\n    at new Promise (<anonymous>)\n    at callAsyncCircusFn (/Users/wangyinglong/Desktop/git源码/claudeskills/MRRM/backend/node_modules/jest-circus/build/utils.js:231:10)\n    at _callCircusTest (/Users/wangyinglong/Desktop/git源码/claudeskills/MRRM/backend/node_modules/jest-circus/build/run.js:316:40)\n    at processTicksAndRejections (node:internal/process/task_queues:95:5)\n    at _runTest (/Users/wangyinglong/Desktop/git源码/claudeskills/MRRM/backend/node_modules/jest-circus/build/run.js:252:3)\n    at _runTestsForDescribeBlock (/Users/wangyinglong/Desktop/git源码/claudeskills/MRRM/backend/node_modules/jest-circus/build/run.js:126:9)\n    at _runTestsForDescribeBlock (/Users/wangyinglong/Desktop/git源码/claudeskills/MRRM/backend/node_modules/jest-circus/build/run.js:121:9)\n    at _runTestsForDescribeBlock (/Users/wangyinglong/Desktop/git源码/claudeskills/MRRM/backend/node_modules/jest-circus/build/run.js:121:9)\n    at run (/Users/wangyinglong/Desktop/git源码/claudeskills/MRRM/backend/node_modules/jest-circus/build/run.js:71:3)\n    at runAndTransformResultsToJestFormat (/Users/wangyinglong/Desktop/git源码/claudeskills/MRRM/backend/node_modules/jest-circus/build/legacy-code-todo-rewrite/jestAdapterInit.js:122:21)\n    at jestAdapter (/Users/wangyinglong/Desktop/git源码/claudeskills/MRRM/backend/node_modules/jest-circus/build/legacy-code-todo-rewrite/jestAdapter.js:79:19)\n    at runTestInternal (/Users/wangyinglong/Desktop/git源码/claudeskills/MRRM/backend/node_modules/jest-runner/build/runTest.js:367:16)\n    at runTest (/Users/wangyinglong/Desktop/git源码/claudeskills/MRRM/backend/node_modules/jest-runner/build/runTest.js:444:34)\n    at Object.worker (/Users/wangyinglong/Desktop/git源码/claudeskills/MRRM/backend/node_modules/jest-runner/build/testWorker.js:106:12)"}
{"context":"RolesService","level":"info","message":"Role created: DOCTOR","service":"mrrm-backend","timestamp":"2026-04-08 17:53:58.530"}
{"context":"RolesService","level":"info","message":"Role updated: undefined","service":"mrrm-backend","timestamp":"2026-04-08 17:53:58.560"}
{"context":"RolesService","level":"info","message":"Role deleted: TEST","service":"mrrm-backend","timestamp":"2026-04-08 17:53:58.567"}
{"context":"RolesService","level":"info","message":"Seeded role: SYSTEM_ADMIN","service":"mrrm-backend","timestamp":"2026-04-08 17:53:58.598"}
{"context":"RolesService","level":"info","message":"Seeded role: SYSTEM_ADMIN","service":"mrrm-backend","timestamp":"2026-04-08 17:53:58.600"}
{"context":"RolesService","level":"info","message":"Seeded role: SYSTEM_ADMIN","service":"mrrm-backend","timestamp":"2026-04-08 17:53:58.601"}
{"context":"RolesService","level":"info","message":"Seeded role: SYSTEM_ADMIN","service":"mrrm-backend","timestamp":"2026-04-08 17:53:58.602"}
{"context":"RolesService","level":"info","message":"Seeded role: SYSTEM_ADMIN","service":"mrrm-backend","timestamp":"2026-04-08 17:53:58.603"}
{"context":"PatientsService","level":"info","message":"Patient created: uuid-1 (Zhang Wei)","service":"mrrm-backend","timestamp":"2026-04-08 17:53:58.613"}
{"context":"PatientsService","level":"info","message":"Patient created: uuid-2 (Li Ming)","service":"mrrm-backend","timestamp":"2026-04-08 17:53:58.646"}
{"context":"PatientsService","level":"info","message":"Patient updated: uuid-1","service":"mrrm-backend","timestamp":"2026-04-08 17:53:58.669"}
{"context":"PatientsService","level":"info","message":"Patient soft-deleted: uuid-1","service":"mrrm-backend","timestamp":"2026-04-08 17:53:58.673"}
{"context":"TenantMiddleware","level":"info","message":"Initializing tenant middleware","service":"mrrm-backend","timestamp":"2026-04-08 18:33:37.114"}
{"context":"TenantMiddleware","level":"info","message":"Initializing tenant middleware","service":"mrrm-backend","timestamp":"2026-04-08 18:33:37.143"}
{"context":"TenantMiddleware","level":"info","message":"Initializing tenant middleware","service":"mrrm-backend","timestamp":"2026-04-08 18:33:37.147"}
{"context":"TenantMiddleware","level":"info","message":"Initializing tenant middleware","service":"mrrm-backend","timestamp":"2026-04-08 18:33:37.153"}
{"context":"TenantMiddleware","level":"info","message":"Initializing tenant middleware","service":"mrrm-backend","timestamp":"2026-04-08 18:33:37.160"}
{"context":"TenantMiddleware","level":"info","message":"Initializing tenant middleware","service":"mrrm-backend","timestamp":"2026-04-08 18:33:37.164"}
{"context":"TenantMiddleware","level":"info","message":"Initializing tenant middleware","service":"mrrm-backend","timestamp":"2026-04-08 18:33:37.168"}
{"context":"TenantMiddleware","level":"info","message":"Initializing tenant middleware","service":"mrrm-backend","timestamp":"2026-04-08 18:33:37.172"}
{"context":"TenantMiddleware","level":"info","message":"Tenant middleware registered","service":"mrrm-backend","timestamp":"2026-04-08 18:33:37.144"}
{"context":"TenantMiddleware","level":"info","message":"Tenant middleware registered","service":"mrrm-backend","timestamp":"2026-04-08 18:33:37.135"}
{"context":"TenantMiddleware","level":"info","message":"Tenant middleware registered","service":"mrrm-backend","timestamp":"2026-04-08 18:33:37.148"}
{"context":"TenantMiddleware","level":"debug","message":"Tenant filter applied: model=User, action=findMany, orgId=org-1","service":"mrrm-backend","timestamp":"2026-04-08 18:33:37.149"}
{"context":"TenantMiddleware","level":"info","message":"Tenant middleware registered","service":"mrrm-backend","timestamp":"2026-04-08 18:33:37.155"}
{"context":"TenantMiddleware","level":"debug","message":"Tenant filter applied: model=Patient, action=findMany, orgId=org-1","service":"mrrm-backend","timestamp":"2026-04-08 18:33:37.157"}
{"context":"TenantMiddleware","level":"info","message":"Tenant middleware registered","service":"mrrm-backend","timestamp":"2026-04-08 18:33:37.165"}
{"context":"TenantMiddleware","level":"info","message":"Tenant middleware registered","service":"mrrm-backend","timestamp":"2026-04-08 18:33:37.161"}
{"context":"TenantMiddleware","level":"info","message":"Tenant middleware registered","service":"mrrm-backend","timestamp":"2026-04-08 18:33:37.174"}
{"context":"TenantMiddleware","level":"debug","message":"Tenant filter applied: model=User, action=findMany, orgId=org-1","service":"mrrm-backend","timestamp":"2026-04-08 18:33:37.174"}
{"context":"TenantMiddleware","level":"info","message":"Tenant middleware registered","service":"mrrm-backend","timestamp":"2026-04-08 18:33:37.169"}
{"context":"TenantMiddleware","level":"debug","message":"Tenant filter applied: model=User, action=findMany, orgId=org-1","service":"mrrm-backend","timestamp":"2026-04-08 18:33:37.170"}
{"context":"PermissionsService","level":"info","message":"Seeded 38 default permissions","service":"mrrm-backend","timestamp":"2026-04-08 18:33:37.346"}
{"context":"PermissionsService","level":"info","message":"Permissions already seeded (1)","service":"mrrm-backend","timestamp":"2026-04-08 18:33:37.365"}
{"context":"AuditService","level":"error","message":"Failed to write audit log","service":"mrrm-backend","timestamp":"2026-04-08 18:33:37.367","trace":"Error: DB error\n    at Object.<anonymous> (/Users/wangyinglong/Desktop/git源码/claudeskills/MRRM/backend/src/audit/audit.service.spec.ts:102:58)\n    at Promise.then.completed (/Users/wangyinglong/Desktop/git源码/claudeskills/MRRM/backend/node_modules/jest-circus/build/utils.js:298:28)\n    at new Promise (<anonymous>)\n    at callAsyncCircusFn (/Users/wangyinglong/Desktop/git源码/claudeskills/MRRM/backend/node_modules/jest-circus/build/utils.js:231:10)\n    at _callCircusTest (/Users/wangyinglong/Desktop/git源码/claudeskills/MRRM/backend/node_modules/jest-circus/build/run.js:316:40)\n    at processTicksAndRejections (node:internal/process/task_queues:95:5)\n    at _runTest (/Users/wangyinglong/Desktop/git源码/claudeskills/MRRM/backend/node_modules/jest-circus/build/run.js:252:3)\n    at _runTestsForDescribeBlock (/Users/wangyinglong/Desktop/git源码/claudeskills/MRRM/backend/node_modules/jest-circus/build/run.js:126:9)\n    at _runTestsForDescribeBlock (/Users/wangyinglong/Desktop/git源码/claudeskills/MRRM/backend/node_modules/jest-circus/build/run.js:121:9)\n    at _runTestsForDescribeBlock (/Users/wangyinglong/Desktop/git源码/claudeskills/MRRM/backend/node_modules/jest-circus/build/run.js:121:9)\n    at run (/Users/wangyinglong/Desktop/git源码/claudeskills/MRRM/backend/node_modules/jest-circus/build/run.js:71:3)\n    at runAndTransformResultsToJestFormat (/Users/wangyinglong/Desktop/git源码/claudeskills/MRRM/backend/node_modules/jest-circus/build/legacy-code-todo-rewrite/jestAdapterInit.js:122:21)\n    at jestAdapter (/Users/wangyinglong/Desktop/git源码/claudeskills/MRRM/backend/node_modules/jest-circus/build/legacy-code-todo-rewrite/jestAdapter.js:79:19)\n    at runTestInternal (/Users/wangyinglong/Desktop/git源码/claudeskills/MRRM/backend/node_modules/jest-runner/build/runTest.js:367:16)\n    at runTest (/Users/wangyinglong/Desktop/git源码/claudeskills/MRRM/backend/node_modules/jest-runner/build/runTest.js:444:34)\n    at Object.worker (/Users/wangyinglong/Desktop/git源码/claudeskills/MRRM/backend/node_modules/jest-runner/build/testWorker.js:106:12)"}
{"context":"RolesService","level":"info","message":"Role created: DOCTOR","service":"mrrm-backend","timestamp":"2026-04-08 18:33:37.344"}
{"context":"RolesService","level":"info","message":"Role updated: undefined","service":"mrrm-backend","timestamp":"2026-04-08 18:33:37.365"}
{"context":"RolesService","level":"info","message":"Role deleted: TEST","service":"mrrm-backend","timestamp":"2026-04-08 18:33:37.369"}
{"context":"RolesService","level":"info","message":"Seeded role: SYSTEM_ADMIN","service":"mrrm-backend","timestamp":"2026-04-08 18:33:37.395"}
{"context":"RolesService","level":"info","message":"Seeded role: SYSTEM_ADMIN","service":"mrrm-backend","timestamp":"2026-04-08 18:33:37.396"}
{"context":"RolesService","level":"info","message":"Seeded role: SYSTEM_ADMIN","service":"mrrm-backend","timestamp":"2026-04-08 18:33:37.397"}
{"context":"RolesService","level":"info","message":"Seeded role: SYSTEM_ADMIN","service":"mrrm-backend","timestamp":"2026-04-08 18:33:37.397"}
{"context":"RolesService","level":"info","message":"Seeded role: SYSTEM_ADMIN","service":"mrrm-backend","timestamp":"2026-04-08 18:33:37.398"}
{"context":"PatientsService","level":"info","message":"Patient created: uuid-1 (Zhang Wei)","service":"mrrm-backend","timestamp":"2026-04-08 18:33:37.407"}
{"context":"PatientsService","level":"info","message":"Patient created: uuid-2 (Li Ming)","service":"mrrm-backend","timestamp":"2026-04-08 18:33:37.431"}
{"context":"PatientsService","level":"info","message":"Patient updated: uuid-1","service":"mrrm-backend","timestamp":"2026-04-08 18:33:37.447"}
{"context":"PatientsService","level":"info","message":"Patient soft-deleted: uuid-1","service":"mrrm-backend","timestamp":"2026-04-08 18:33:37.450"}
{"context":"TenantMiddleware","level":"info","message":"Initializing tenant middleware","service":"mrrm-backend","timestamp":"2026-04-08 18:33:53.884"}
{"context":"TenantMiddleware","level":"info","message":"Initializing tenant middleware","service":"mrrm-backend","timestamp":"2026-04-08 18:33:53.913"}
{"context":"TenantMiddleware","level":"info","message":"Initializing tenant middleware","service":"mrrm-backend","timestamp":"2026-04-08 18:33:53.916"}
{"context":"TenantMiddleware","level":"info","message":"Initializing tenant middleware","service":"mrrm-backend","timestamp":"2026-04-08 18:33:53.922"}
{"context":"TenantMiddleware","level":"info","message":"Initializing tenant middleware","service":"mrrm-backend","timestamp":"2026-04-08 18:33:53.926"}
{"context":"TenantMiddleware","level":"info","message":"Initializing tenant middleware","service":"mrrm-backend","timestamp":"2026-04-08 18:33:53.930"}
{"context":"TenantMiddleware","level":"info","message":"Initializing tenant middleware","service":"mrrm-backend","timestamp":"2026-04-08 18:33:53.933"}
{"context":"TenantMiddleware","level":"info","message":"Initializing tenant middleware","service":"mrrm-backend","timestamp":"2026-04-08 18:33:53.937"}
{"context":"TenantMiddleware","level":"info","message":"Tenant middleware registered","service":"mrrm-backend","timestamp":"2026-04-08 18:33:53.908"}
{"context":"TenantMiddleware","level":"info","message":"Tenant middleware registered","service":"mrrm-backend","timestamp":"2026-04-08 18:33:53.914"}
{"context":"TenantMiddleware","level":"info","message":"Tenant middleware registered","service":"mrrm-backend","timestamp":"2026-04-08 18:33:53.917"}
{"context":"TenantMiddleware","level":"debug","message":"Tenant filter applied: model=User, action=findMany, orgId=org-1","service":"mrrm-backend","timestamp":"2026-04-08 18:33:53.918"}
{"context":"TenantMiddleware","level":"info","message":"Tenant middleware registered","service":"mrrm-backend","timestamp":"2026-04-08 18:33:53.923"}
{"context":"TenantMiddleware","level":"debug","message":"Tenant filter applied: model=Patient, action=findMany, orgId=org-1","service":"mrrm-backend","timestamp":"2026-04-08 18:33:53.924"}
{"context":"TenantMiddleware","level":"info","message":"Tenant middleware registered","service":"mrrm-backend","timestamp":"2026-04-08 18:33:53.927"}
{"context":"TenantMiddleware","level":"info","message":"Tenant middleware registered","service":"mrrm-backend","timestamp":"2026-04-08 18:33:53.934"}
{"context":"TenantMiddleware","level":"debug","message":"Tenant filter applied: model=User, action=findMany, orgId=org-1","service":"mrrm-backend","timestamp":"2026-04-08 18:33:53.935"}
{"context":"TenantMiddleware","level":"info","message":"Tenant middleware registered","service":"mrrm-backend","timestamp":"2026-04-08 18:33:53.931"}
{"context":"TenantMiddleware","level":"info","message":"Tenant middleware registered","service":"mrrm-backend","timestamp":"2026-04-08 18:33:53.938"}
{"context":"TenantMiddleware","level":"debug","message":"Tenant filter applied: model=User, action=findMany, orgId=org-1","service":"mrrm-backend","timestamp":"2026-04-08 18:33:53.938"}
{"context":"PermissionsService","level":"info","message":"Seeded 38 default permissions","service":"mrrm-backend","timestamp":"2026-04-08 18:33:54.130"}
{"context":"PermissionsService","level":"info","message":"Permissions already seeded (1)","service":"mrrm-backend","timestamp":"2026-04-08 18:33:54.150"}
{"context":"AuditService","level":"error","message":"Failed to write audit log","service":"mrrm-backend","timestamp":"2026-04-08 18:33:54.151","trace":"Error: DB error\n    at Object.<anonymous> (/Users/wangyinglong/Desktop/git源码/claudeskills/MRRM/backend/src/audit/audit.service.spec.ts:102:58)\n    at Promise.then.completed (/Users/wangyinglong/Desktop/git源码/claudeskills/MRRM/backend/node_modules/jest-circus/build/utils.js:298:28)\n    at new Promise (<anonymous>)\n    at callAsyncCircusFn (/Users/wangyinglong/Desktop/git源码/claudeskills/MRRM/backend/node_modules/jest-circus/build/utils.js:231:10)\n    at _callCircusTest (/Users/wangyinglong/Desktop/git源码/claudeskills/MRRM/backend/node_modules/jest-circus/build/run.js:316:40)\n    at processTicksAndRejections (node:internal/process/task_queues:95:5)\n    at _runTest (/Users/wangyinglong/Desktop/git源码/claudeskills/MRRM/backend/node_modules/jest-circus/build/run.js:252:3)\n    at _runTestsForDescribeBlock (/Users/wangyinglong/Desktop/git源码/claudeskills/MRRM/backend/node_modules/jest-circus/build/run.js:126:9)\n    at _runTestsForDescribeBlock (/Users/wangyinglong/Desktop/git源码/claudeskills/MRRM/backend/node_modules/jest-circus/build/run.js:121:9)\n    at _runTestsForDescribeBlock (/Users/wangyinglong/Desktop/git源码/claudeskills/MRRM/backend/node_modules/jest-circus/build/run.js:121:9)\n    at run (/Users/wangyinglong/Desktop/git源码/claudeskills/MRRM/backend/node_modules/jest-circus/build/run.js:71:3)\n    at runAndTransformResultsToJestFormat (/Users/wangyinglong/Desktop/git源码/claudeskills/MRRM/backend/node_modules/jest-circus/build/legacy-code-todo-rewrite/jestAdapterInit.js:122:21)\n    at jestAdapter (/Users/wangyinglong/Desktop/git源码/claudeskills/MRRM/backend/node_modules/jest-circus/build/legacy-code-todo-rewrite/jestAdapter.js:79:19)\n    at runTestInternal (/Users/wangyinglong/Desktop/git源码/claudeskills/MRRM/backend/node_modules/jest-runner/build/runTest.js:367:16)\n    at runTest (/Users/wangyinglong/Desktop/git源码/claudeskills/MRRM/backend/node_modules/jest-runner/build/runTest.js:444:34)\n    at Object.worker (/Users/wangyinglong/Desktop/git源码/claudeskills/MRRM/backend/node_modules/jest-runner/build/testWorker.js:106:12)"}
{"context":"RolesService","level":"info","message":"Role created: DOCTOR","service":"mrrm-backend","timestamp":"2026-04-08 18:33:54.126"}
{"context":"RolesService","level":"info","message":"Role updated: undefined","service":"mrrm-backend","timestamp":"2026-04-08 18:33:54.151"}
{"context":"RolesService","level":"info","message":"Role deleted: TEST","service":"mrrm-backend","timestamp":"2026-04-08 18:33:54.156"}
{"context":"RolesService","level":"info","message":"Seeded role: SYSTEM_ADMIN","service":"mrrm-backend","timestamp":"2026-04-08 18:33:54.177"}
{"context":"RolesService","level":"info","message":"Seeded role: SYSTEM_ADMIN","service":"mrrm-backend","timestamp":"2026-04-08 18:33:54.177"}
{"context":"RolesService","level":"info","message":"Seeded role: SYSTEM_ADMIN","service":"mrrm-backend","timestamp":"2026-04-08 18:33:54.178"}
{"context":"RolesService","level":"info","message":"Seeded role: SYSTEM_ADMIN","service":"mrrm-backend","timestamp":"2026-04-08 18:33:54.179"}
{"context":"RolesService","level":"info","message":"Seeded role: SYSTEM_ADMIN","service":"mrrm-backend","timestamp":"2026-04-08 18:33:54.179"}
{"context":"PatientsService","level":"info","message":"Patient created: uuid-1 (Zhang Wei)","service":"mrrm-backend","timestamp":"2026-04-08 18:33:54.184"}
{"context":"PatientsService","level":"info","message":"Patient created: uuid-2 (Li Ming)","service":"mrrm-backend","timestamp":"2026-04-08 18:33:54.207"}
{"context":"PatientsService","level":"info","message":"Patient updated: uuid-1","service":"mrrm-backend","timestamp":"2026-04-08 18:33:54.226"}
{"context":"PatientsService","level":"info","message":"Patient soft-deleted: uuid-1","service":"mrrm-backend","timestamp":"2026-04-08 18:33:54.230"}
{"context":"PrismaService","level":"info","message":"Connecting to database...","service":"mrrm-backend","timestamp":"2026-04-08 18:40:23.931"}
{"context":"TenantMiddleware","level":"info","message":"Initializing tenant middleware","service":"mrrm-backend","timestamp":"2026-04-08 18:40:23.933"}
{"context":"TenantMiddleware","level":"info","message":"Tenant middleware registered","service":"mrrm-backend","timestamp":"2026-04-08 18:40:23.934"}
{"context":"PrismaService","level":"info","message":"Database connected","service":"mrrm-backend","timestamp":"2026-04-08 18:40:23.969"}
{"context":"PermissionsService","level":"info","message":"Permissions already seeded (38)","service":"mrrm-backend","timestamp":"2026-04-08 18:40:23.978"}
{"context":"RolesService","level":"info","message":"Roles already seeded (5)","service":"mrrm-backend","timestamp":"2026-04-08 18:40:23.982"}
{"context":"PrismaService","level":"info","message":"Connecting to database...","service":"mrrm-backend","timestamp":"2026-04-08 18:47:25.131"}
{"context":"TenantMiddleware","level":"info","message":"Initializing tenant middleware","service":"mrrm-backend","timestamp":"2026-04-08 18:47:25.133"}
{"context":"TenantMiddleware","level":"info","message":"Tenant middleware registered","service":"mrrm-backend","timestamp":"2026-04-08 18:47:25.133"}
{"context":"PrismaService","level":"info","message":"Database connected","service":"mrrm-backend","timestamp":"2026-04-08 18:47:25.157"}
{"context":"PermissionsService","level":"info","message":"Permissions already seeded (38)","service":"mrrm-backend","timestamp":"2026-04-08 18:47:25.163"}
{"context":"RolesService","level":"info","message":"Roles already seeded (5)","service":"mrrm-backend","timestamp":"2026-04-08 18:47:25.167"}
{"context":"PrismaService","level":"info","message":"Connecting to database...","service":"mrrm-backend","timestamp":"2026-04-08 18:50:22.689"}
{"context":"TenantMiddleware","level":"info","message":"Initializing tenant middleware","service":"mrrm-backend","timestamp":"2026-04-08 18:50:22.691"}
{"context":"TenantMiddleware","level":"info","message":"Tenant middleware registered","service":"mrrm-backend","timestamp":"2026-04-08 18:50:22.692"}
{"context":"PrismaService","level":"info","message":"Database connected","service":"mrrm-backend","timestamp":"2026-04-08 18:50:22.716"}
{"context":"PermissionsService","level":"info","message":"Permissions already seeded (38)","service":"mrrm-backend","timestamp":"2026-04-08 18:50:22.722"}
{"context":"RolesService","level":"info","message":"Roles already seeded (5)","service":"mrrm-backend","timestamp":"2026-04-08 18:50:22.726"}
{"context":"PrismaService","level":"info","message":"Connecting to database...","service":"mrrm-backend","timestamp":"2026-04-08 18:55:52.033"}
{"context":"TenantMiddleware","level":"info","message":"Initializing tenant middleware","service":"mrrm-backend","timestamp":"2026-04-08 18:55:52.035"}
{"context":"TenantMiddleware","level":"info","message":"Tenant middleware registered","service":"mrrm-backend","timestamp":"2026-04-08 18:55:52.035"}
{"context":"PrismaService","level":"info","message":"Database connected","service":"mrrm-backend","timestamp":"2026-04-08 18:55:52.067"}
{"context":"PermissionsService","level":"info","message":"Permissions already seeded (38)","service":"mrrm-backend","timestamp":"2026-04-08 18:55:52.072"}
{"context":"RolesService","level":"info","message":"Roles already seeded (5)","service":"mrrm-backend","timestamp":"2026-04-08 18:55:52.076"}
{"context":"PrismaService","level":"info","message":"Connecting to database...","service":"mrrm-backend","timestamp":"2026-04-08 18:57:20.431"}
{"context":"TenantMiddleware","level":"info","message":"Initializing tenant middleware","service":"mrrm-backend","timestamp":"2026-04-08 18:57:20.433"}
{"context":"TenantMiddleware","level":"info","message":"Tenant middleware registered","service":"mrrm-backend","timestamp":"2026-04-08 18:57:20.434"}
{"context":"PrismaService","level":"info","message":"Database connected","service":"mrrm-backend","timestamp":"2026-04-08 18:57:20.458"}
{"context":"PermissionsService","level":"info","message":"Permissions already seeded (38)","service":"mrrm-backend","timestamp":"2026-04-08 18:57:20.464"}
{"context":"RolesService","level":"info","message":"Roles already seeded (5)","service":"mrrm-backend","timestamp":"2026-04-08 18:57:20.469"}
{"context":"PrismaService","level":"info","message":"Connecting to database...","service":"mrrm-backend","timestamp":"2026-04-08 18:58:24.205"}
{"context":"TenantMiddleware","level":"info","message":"Initializing tenant middleware","service":"mrrm-backend","timestamp":"2026-04-08 18:58:24.207"}
{"context":"TenantMiddleware","level":"info","message":"Tenant middleware registered","service":"mrrm-backend","timestamp":"2026-04-08 18:58:24.208"}
{"context":"PrismaService","level":"info","message":"Database connected","service":"mrrm-backend","timestamp":"2026-04-08 18:58:24.233"}
{"context":"PermissionsService","level":"info","message":"Permissions already seeded (38)","service":"mrrm-backend","timestamp":"2026-04-08 18:58:24.239"}
{"context":"RolesService","level":"info","message":"Roles already seeded (5)","service":"mrrm-backend","timestamp":"2026-04-08 18:58:24.243"}
{"context":"PrismaService","level":"info","message":"Connecting to database...","service":"mrrm-backend","timestamp":"2026-04-08 18:59:24.906"}
{"context":"TenantMiddleware","level":"info","message":"Initializing tenant middleware","service":"mrrm-backend","timestamp":"2026-04-08 18:59:24.908"}
{"context":"TenantMiddleware","level":"info","message":"Tenant middleware registered","service":"mrrm-backend","timestamp":"2026-04-08 18:59:24.908"}
{"context":"PrismaService","level":"info","message":"Database connected","service":"mrrm-backend","timestamp":"2026-04-08 18:59:24.934"}
{"context":"PermissionsService","level":"info","message":"Permissions already seeded (38)","service":"mrrm-backend","timestamp":"2026-04-08 18:59:24.940"}
{"context":"RolesService","level":"info","message":"Roles already seeded (5)","service":"mrrm-backend","timestamp":"2026-04-08 18:59:24.945"}
{"context":"PrismaService","level":"info","message":"Connecting to database...","service":"mrrm-backend","timestamp":"2026-04-08 19:57:42.473"}
{"context":"TenantMiddleware","level":"info","message":"Initializing tenant middleware","service":"mrrm-backend","timestamp":"2026-04-08 19:57:42.476"}
{"context":"TenantMiddleware","level":"info","message":"Tenant middleware registered","service":"mrrm-backend","timestamp":"2026-04-08 19:57:42.476"}
{"context":"PrismaService","level":"info","message":"Database connected","service":"mrrm-backend","timestamp":"2026-04-08 19:57:42.510"}
{"context":"PermissionsService","level":"info","message":"Permissions already seeded (38)","service":"mrrm-backend","timestamp":"2026-04-08 19:57:42.518"}
{"context":"RolesService","level":"info","message":"Roles already seeded (5)","service":"mrrm-backend","timestamp":"2026-04-08 19:57:42.523"}
{"context":"PrismaService","level":"info","message":"Connecting to database...","service":"mrrm-backend","timestamp":"2026-04-08 20:01:06.295"}
{"context":"TenantMiddleware","level":"info","message":"Initializing tenant middleware","service":"mrrm-backend","timestamp":"2026-04-08 20:01:06.297"}
{"context":"TenantMiddleware","level":"info","message":"Tenant middleware registered","service":"mrrm-backend","timestamp":"2026-04-08 20:01:06.297"}
{"context":"PrismaService","level":"info","message":"Database connected","service":"mrrm-backend","timestamp":"2026-04-08 20:01:06.331"}
{"context":"PermissionsService","level":"info","message":"Permissions already seeded (38)","service":"mrrm-backend","timestamp":"2026-04-08 20:01:06.341"}
{"context":"RolesService","level":"info","message":"Roles already seeded (5)","service":"mrrm-backend","timestamp":"2026-04-08 20:01:06.345"}
{"context":"PrismaService","level":"info","message":"Connecting to database...","service":"mrrm-backend","timestamp":"2026-04-08 20:05:33.593"}
{"context":"TenantMiddleware","level":"info","message":"Initializing tenant middleware","service":"mrrm-backend","timestamp":"2026-04-08 20:05:33.595"}
{"context":"TenantMiddleware","level":"info","message":"Tenant middleware registered","service":"mrrm-backend","timestamp":"2026-04-08 20:05:33.595"}
{"context":"PrismaService","level":"info","message":"Database connected","service":"mrrm-backend","timestamp":"2026-04-08 20:05:33.635"}
{"context":"PermissionsService","level":"info","message":"Permissions already seeded (38)","service":"mrrm-backend","timestamp":"2026-04-08 20:05:33.647"}
{"context":"RolesService","level":"info","message":"Roles already seeded (5)","service":"mrrm-backend","timestamp":"2026-04-08 20:05:33.652"}
{"context":"PrismaService","level":"info","message":"Connecting to database...","service":"mrrm-backend","timestamp":"2026-04-08 20:08:08.052"}
{"context":"TenantMiddleware","level":"info","message":"Initializing tenant middleware","service":"mrrm-backend","timestamp":"2026-04-08 20:08:08.054"}
{"context":"TenantMiddleware","level":"info","message":"Tenant middleware registered","service":"mrrm-backend","timestamp":"2026-04-08 20:08:08.055"}
{"context":"PrismaService","level":"info","message":"Database connected","service":"mrrm-backend","timestamp":"2026-04-08 20:08:08.089"}
{"context":"PermissionsService","level":"info","message":"Permissions already seeded (38)","service":"mrrm-backend","timestamp":"2026-04-08 20:08:08.097"}
{"context":"RolesService","level":"info","message":"Roles already seeded (5)","service":"mrrm-backend","timestamp":"2026-04-08 20:08:08.102"}
{"context":"PrismaService","level":"info","message":"Connecting to database...","service":"mrrm-backend","timestamp":"2026-04-08 20:09:45.598"}
{"context":"TenantMiddleware","level":"info","message":"Initializing tenant middleware","service":"mrrm-backend","timestamp":"2026-04-08 20:09:45.600"}
{"context":"TenantMiddleware","level":"info","message":"Tenant middleware registered","service":"mrrm-backend","timestamp":"2026-04-08 20:09:45.602"}
{"context":"PrismaService","level":"info","message":"Database connected","service":"mrrm-backend","timestamp":"2026-04-08 20:09:45.638"}
{"context":"PermissionsService","level":"info","message":"Permissions already seeded (38)","service":"mrrm-backend","timestamp":"2026-04-08 20:09:45.649"}
{"context":"RolesService","level":"info","message":"Roles already seeded (5)","service":"mrrm-backend","timestamp":"2026-04-08 20:09:45.655"}
